[feed/new.html]
[backblue.gif]
[fade.gif]
[index.html]
[s/3e2562f6e73ee778c99052687eeda590/loggedout_react.css]
[css6316.css]
[css6e52.css]
[images/gossip/candid-og.jpg]
[index-2.html]
[content/about.html]
[dist/main.b431d0be714554e906f4.js]
[images/likes/fb-logo.png]
[images/gossip/spinny-150.gif]
[images/gossip/download_ios.png]
[content/terms.html]
[images/gossip/download_android.png]
[images/gossip/iphone_frame.png]
[images/gossip/main_header2.jpg]
[images/gossip/main_nav2.png]
[images/gossip/candid-feed-2.jpg]
[images/gossip/home-sf.jpg]
[images/gossip/animals/wolf.png]
[g/index.html]
[images/gossip/sprites/all/heart_action.png]
[images/gossip/sprites/all/heartbroken_action.png]
[images/gossip/sprites/all/comment_action.png]
[images/gossip/sprites/all/share_action.png]
[images/gossip/animals/urchin.png]
[images/gossip/animals/bear.png]
[images/gossip/animals/kangaroo.png]
[images/gossip/Android2.png]
[images/gossip/badges/socializer.png]
[images/gossip/badges/all-star.png]
[images/gossip/badges/explorer.png]
[images/gossip/badges/gossip.png]
[images/gossip/badges/newbie.png]
[images/gossip/badges/influencer.png]
[images/gossip/badges/positive.png]
[images/gossip/badges/giver.png]
[images/gossip/badges/hater.png]
[images/gossip/Security.png]
[content/privacy.html]
[content/help.html]
[ajax/libs/jquery/1.7.2/jquery.min.js]
[feed/new.html]
[s/714a16a3d7afd8f7461325bb5c45e004/loggedout_react.js]
[images/gossip/sprites/all_38c5c45fde.png]
[images/gossip/sprites/all@2x_38c5c45fde.png]
[images/gossip/sprites/all@3x_38c5c45fde.png]
[images/gossip/sprites/home_9d552afc3f.png]
[images/gossip/sprites/home@2x_9d552afc3f.png]
[images/gossip/sprites/home@3x_9d552afc3f.png]
[images/gossip/candid_back2.jpg]
[images/gossip/candid_back_v1.jpg]
[images/gossip/sprites/flags.png]
[images/gossip/sprites/flags@2x.png]
[s/3e2562f6e73ee778c99052687eeda590/loggedout_react.css]
[css6316.css]
[css6e52.css]
[apple-touch-icon.png]
[bootstrap/latest/css/bootstrap.min.css]
[css/datepickerstyle.css]
[css/octicons.min.css]
[css/animals.css]
[css/overwrites.css]
[css/react-select.css]
[css/wdt-emoji-bundle.css]
[css/jquery-ui.min.css]
[css/jquery.highlighttextarea.css]
[css/homepage.css]
[css/intlTelInput.css]
[3b856b1f41.js]
[jquery-3.1.0.min.js]
[js/jquery-ui.min.js]
[bootstrap/3.3.7/js/bootstrap.min.js]
[js/emoji.min.js]
[js/wdt-emoji-bundle.js]
[js/jquery.highlighttextarea.js]
[js/rangyinputs-jquery.js]
[js/jquery.slimscroll.min.js]
[js/intlTelInput.js]
[js/intlTelInputUtils.js]
[css04df.css]
[css7fc9.css]
[css1ec0.css]
[analytics.js]
[index-2.html]
[en_US/sdk.js]
[s/6301a0225a83bff240c04f6b3871ef85/static.css]
[content/press.html]
[content/contact.html]
[content/team.html]
[images/gossip/download_ios_white.png]
[images/gossip/download_android_white.png]
[content/about.html]
[s/36e2229322ebe572f2368028efbd32fb/static.js]
[content/community.html]
[content/terms.html]
[g/index.html]
[content/privacy.html]
[content/dmca.html]
[content/faq.html]
[content/selfharm.html]
[content/help.html]
[apple-touch-icon.html]
[cdn-cgi/l/email-protection.html]
[bootstrap/latest/fonts/glyphicons-halflings-regulard41d.eot]
[bootstrap/latest/fonts/glyphicons-halflings-regular.woff2]
[bootstrap/latest/fonts/glyphicons-halflings-regular.woff]
[bootstrap/latest/fonts/glyphicons-halflings-regular.ttf]
[bootstrap/latest/css/bootstrap.min.css]
[css/datepickerstyle.css]
[css/octiconsdad0.eot]
[css/octiconsd41d.eot]
[css/octiconsdad0.woff2]
[css/octiconsdad0.woff]
[css/octiconsdad0.ttf]
[css/octicons.min.css]
[css/octiconsdad0.svg]
[css/CandidAnimals.ttf]
[css/animals.css]
[css/overwrites.css]
[css/react-select.css]
[css/wdt-emoji-bundle.css]
[css/images/ui-icons_444444_256x240.png]
[css/images/ui-icons_777777_256x240.png]
[css/images/ui-icons_555555_256x240.png]
[css/images/ui-icons_ffffff_256x240.png]
[css/images/ui-icons_777620_256x240.png]
[css/images/ui-icons_cc0000_256x240.png]
[css/jquery-ui.min.css]
[css/jquery.highlighttextarea.css]
[imgs/sprites/all_38c5c45fde.png]
[imgs/sprites/all@2x_38c5c45fde.png]
[imgs/sprites/all@3x_38c5c45fde.png]
[imgs/sprites/home_9d552afc3f.png]
[imgs/sprites/home@2x_9d552afc3f.png]
[imgs/sprites/home@3x_9d552afc3f.png]
[imgs/candid_back2.jpg]
[imgs/candid_back_v1.jpg]
[imgs/sprites/flags.png]
[imgs/sprites/flags@2x.png]
[css/homepage.css]
[css/intlTelInput.css]
[css04df.css]
[css7fc9.css]
[css1ec0.css]
[ABCDEFGHIJKLMNOPQRSTUVWXYZabcdefghijklmnopqrstuvwxyz0123456789+/index.html]
[restserver.html]
[dialog/index.html]
[en_US/sdk.js]
[images/gossip/about_phone.png]
[s/6301a0225a83bff240c04f6b3871ef85/static.css]
[images/gossip/fortune_logo.jpg]
[images/gossip/npr_logo.png]
[images/gossip/forbes_logo.jpg]
[images/gossip/cnn_money_logo.png]
[images/gossip/cnet_logo.png]
[images/gossip/adweek_logo.gif]
[images/gossip/venturebeat_logo.png]
[images/gossip/engadget_logo.jpg]
[images/gossip/inc_logo.jpg]
[images/gossip/mashable_logo.png]
[images/gossip/fastcompany_logo.png]
[content/press.html]
[content/contact.html]
[images/landingpages-bootstrap/non-sprited-images/team-bindu.png]
[images/landingpages-bootstrap/non-sprited-images/team-arvind.png]
[images/landingpages-bootstrap/non-sprited-images/yishan-wong.jpg]
[images/landingpages-bootstrap/non-sprited-images/antonio.jpg]
[images/landingpages-bootstrap/non-sprited-images/ryan-lackey.jpg]
[images/landingpages-bootstrap/non-sprited-images/louis-gray.jpg]
[images/landingpages-bootstrap/non-sprited-images/board-khosla.png]
[images/landingpages-bootstrap/non-sprited-images/board-buchheit.png]
[images/landingpages-bootstrap/non-sprited-images/georges-harik.png]
[images/landingpages-bootstrap/non-sprited-images/sanjeev-singh.jpg]
[images/landingpages-bootstrap/non-sprited-images/board-hirsch.png]
[images/landingpages-bootstrap/non-sprited-images/david-scacco.jpg]
[images/landingpages-bootstrap/non-sprited-images/xgventures.jpg]
[images/landingpages-bootstrap/non-sprited-images/board-nishar.png]
[images/landingpages-bootstrap/non-sprited-images/aydin-senkut.jpg]
[images/landingpages-bootstrap/non-sprited-images/keval-desai.jpg]
[images/landingpages-bootstrap/non-sprited-images/richard-chen.jpg]
[images/landingpages-bootstrap/non-sprited-images/thomas-korte.jpg]
[content/team.html]
[content/community.html]
[content/dmca.html]
[content/faq.html]
[content/selfharm.html]
[cdn-cgi/styles/cf.errors.css]
[cdn-cgi/scripts/zepto.min.js]
[cdn-cgi/l/email-protection.html]
[bootstrap/latest/fonts/glyphicons-halflings-regular.svg]
[css/octiconsdad0.svg]
[css/images/ui-icons_444444_256x240.html]
[css/images/ui-icons_777777_256x240.html]
[css/images/ui-icons_555555_256x240.html]
[css/images/ui-icons_ffffff_256x240.html]
[css/images/ui-icons_777620_256x240.html]
[css/images/ui-icons_cc0000_256x240.html]
[ABCDEFGHIJKLMNOPQRSTUVWXYZabcdefghijklmnopqrstuvwxyz0123456789+/index.html]
[restserver.html]
[dialog/index.html]
[%s/profile4d6d.html]
[cdn-cgi/scripts/cf.common.js]
[cdn-cgi/styles/fonts/opensans-300.eot]
[bootstrap/latest/fonts/glyphicons-halflings-regular.eot]
[cdn-cgi/styles/fonts/opensans-300d41d.eot]
[cdn-cgi/styles/fonts/opensans-300.woff]
[cdn-cgi/styles/fonts/opensans-300.ttf]
[cdn-cgi/styles/fonts/opensans-300.svg]
[cdn-cgi/styles/fonts/opensans-400.eot]
[cdn-cgi/styles/fonts/opensans-400d41d.eot]
[cdn-cgi/styles/fonts/opensans-400.woff]
[cdn-cgi/styles/fonts/opensans-400.ttf]
[cdn-cgi/styles/fonts/opensans-400.svg]
[cdn-cgi/styles/fonts/opensans-600.eot]
[cdn-cgi/styles/fonts/opensans-600d41d.eot]
[cdn-cgi/styles/fonts/opensans-600.woff]
[cdn-cgi/styles/fonts/opensans-600.ttf]
[cdn-cgi/styles/fonts/opensans-600.svg]
[cdn-cgi/styles/fonts/opensans-700.eot]
[cdn-cgi/styles/fonts/opensans-700d41d.eot]
[cdn-cgi/styles/fonts/opensans-700.woff]
[cdn-cgi/styles/fonts/opensans-700.ttf]
[cdn-cgi/styles/fonts/opensans-700.svg]
[cdn-cgi/styles/fonts/opensans-300i.eot]
[cdn-cgi/styles/fonts/opensans-300id41d.eot]
[cdn-cgi/styles/fonts/opensans-300i.woff]
[cdn-cgi/styles/fonts/opensans-300i.ttf]
[cdn-cgi/styles/fonts/opensans-300i.svg]
[cdn-cgi/styles/fonts/opensans-400i.eot]
[cdn-cgi/styles/fonts/opensans-400id41d.eot]
[cdn-cgi/styles/fonts/opensans-400i.woff]
[cdn-cgi/styles/fonts/opensans-400i.ttf]
[cdn-cgi/styles/fonts/opensans-400i.svg]
[cdn-cgi/images/error_icons.png]
[cdn-cgi/images/icon-exclamation111f.png]
[cdn-cgi/images/browser-bar111f.png]
[cdn-cgi/styles/cf.errors.css]
[cdn-cgi/styles/fonts/opensans-300.svg]
[cdn-cgi/styles/fonts/opensans-400.svg]
[cdn-cgi/styles/fonts/opensans-600.svg]
[cdn-cgi/styles/fonts/opensans-700.svg]
[cdn-cgi/styles/fonts/opensans-300i.svg]
[cdn-cgi/styles/fonts/opensans-400i.svg]
